Initialized native services in: C:\Users\indra\.gradle\native
Initialized jansi services in: C:\Users\indra\.gradle\native
The client will now receive all logging from the daemon (pid: 2800). The daemon log file: C:\Users\indra\.gradle\daemon\9.3.1\daemon-2800.out.log
Starting 31st build in daemon [uptime: 3 hrs 16 mins 0.117 secs, performance: 99%, GC rate: 0.00/s, heap usage: 1% of 2 GiB]
Using 4 worker leases.
Operational build model parameters: {requiresToolingModels=false, parallelProjectExecution=false, configureOnDemand=false, configurationCache=false, configurationCacheParallelStore=false, configurationCacheParallelLoad=true, isolatedProjects=false, parallelProjectConfiguration=false, intermediateModelCache=false, parallelToolingApiActions=false, invalidateCoupledProjects=false, modelAsProjectDependency=false, resilientModelBuilding=false}
Now considering [C:\Users\indra\AndroidStudioProjects\pencatatankeungaan] as hierarchies to watch
Watching the file system is configured to be enabled if available
File system watching is active
Starting Build
Resolved plugin [id: 'org.gradle.toolchains.foojay-resolver-convention', version: '1.0.0']
Settings evaluated using settings file 'C:\Users\indra\AndroidStudioProjects\pencatatankeungaan\settings.gradle.kts'.
Projects loaded. Root project using build file 'C:\Users\indra\AndroidStudioProjects\pencatatankeungaan\build.gradle.kts'.
Included projects: [root project 'pencatatan keungaan', project ':app']

> Configure project :
Evaluating root project 'pencatatan keungaan' using build file 'C:\Users\indra\AndroidStudioProjects\pencatatankeungaan\build.gradle.kts'.
Resolved plugin [id: 'com.android.application', version: '9.1.1', apply: false]

> Configure project :app
Evaluating project ':app' using build file 'C:\Users\indra\AndroidStudioProjects\pencatatankeungaan\app\build.gradle.kts'.
Resolved plugin [id: 'com.android.application', version: '9.1.1']
Resolved plugin [id: 'com.android.legacy-kapt', version: '9.1.1']
Build 6644ec17-6703-4303-bd51-d1fc99a9fa40 is started
Using default execution profile
All projects evaluated.
Adding -Xuse-inline-scopes-numbers Kotlin compiler flag for task :app:compileDebugKotlin
Task name matched 'compileDebugKotlin'
Selected primary task 'compileDebugKotlin' from project :
Tasks to be executed: [task ':app:preBuild', task ':app:preDebugBuild', task ':app:generateDebugResources', task ':app:packageDebugResources', task ':app:processDebugNavigationResources', task ':app:parseDebugLocalResources', task ':app:generateDebugRFile', task ':app:kaptGenerateStubsDebugKotlin', task ':app:kaptDebugKotlin', task ':app:compileDebugKotlin']
Tasks that were excluded: []
Resolve mutations for :app:preBuild (Thread[#1715,included builds,5,main]) started.
:app:preBuild (Thread[#1717,Execution worker Thread 2,5,main]) started.

> Task :app:preBuild UP-TO-DATE
Skipping task ':app:preBuild' as it has no actions.
Resolve mutations for :app:preDebugBuild (Thread[#1717,Execution worker Thread 2,5,main]) started.
:app:preDebugBuild (Thread[#1717,Execution worker Thread 2,5,main]) started.

> Task :app:preDebugBuild UP-TO-DATE
Skipping task ':app:preDebugBuild' as it has no actions.
Resolve mutations for :app:generateDebugResources (Thread[#1717,Execution worker Thread 2,5,main]) started.
:app:generateDebugResources (Thread[#1717,Execution worker Thread 2,5,main]) started.

> Task :app:generateDebugResources UP-TO-DATE
Caching disabled for task ':app:generateDebugResources' because:
  Build cache is disabled
Skipping task ':app:generateDebugResources' as it is up-to-date.
Resolve mutations for :app:packageDebugResources (Thread[#1717,Execution worker Thread 2,5,main]) started.
:app:packageDebugResources (Thread[#1717,Execution worker Thread 2,5,main]) started.

> Task :app:packageDebugResources UP-TO-DATE
Caching disabled for task ':app:packageDebugResources' because:
  Build cache is disabled
Skipping task ':app:packageDebugResources' as it is up-to-date.
Resolve mutations for :app:processDebugNavigationResources (Thread[#1717,Execution worker Thread 2,5,main]) started.
:app:processDebugNavigationResources (Thread[#1717,Execution worker Thread 2,5,main]) started.

> Task :app:processDebugNavigationResources UP-TO-DATE
Caching disabled for task ':app:processDebugNavigationResources' because:
  Build cache is disabled
Skipping task ':app:processDebugNavigationResources' as it is up-to-date.
Resolve mutations for :app:parseDebugLocalResources (Thread[#1717,Execution worker Thread 2,5,main]) started.
:app:parseDebugLocalResources (Thread[#1717,Execution worker Thread 2,5,main]) started.

> Task :app:parseDebugLocalResources UP-TO-DATE
Caching disabled for task ':app:parseDebugLocalResources' because:
  Build cache is disabled
Skipping task ':app:parseDebugLocalResources' as it is up-to-date.
Resolve mutations for :app:generateDebugRFile (Thread[#1717,Execution worker Thread 2,5,main]) started.
:app:generateDebugRFile (Thread[#1717,Execution worker Thread 2,5,main]) started.

> Task :app:generateDebugRFile UP-TO-DATE
Caching disabled for task ':app:generateDebugRFile' because:
  Build cache is disabled
Skipping task ':app:generateDebugRFile' as it is up-to-date.
Resolve mutations for :app:kaptGenerateStubsDebugKotlin (Thread[#1717,Execution worker Thread 2,5,main]) started.
:app:kaptGenerateStubsDebugKotlin (Thread[#1717,Execution worker Thread 2,5,main]) started.

> Task :app:kaptGenerateStubsDebugKotlin UP-TO-DATE
file or directory 'C:\Users\indra\AndroidStudioProjects\pencatatankeungaan\app\src\main\kotlin', not found
file or directory 'C:\Users\indra\AndroidStudioProjects\pencatatankeungaan\app\src\debug\java', not found
file or directory 'C:\Users\indra\AndroidStudioProjects\pencatatankeungaan\app\src\debug\kotlin', not found
file or directory 'C:\Users\indra\AndroidStudioProjects\pencatatankeungaan\app\src\debug\java', not found
file or directory 'C:\Users\indra\AndroidStudioProjects\pencatatankeungaan\app\src\main\kotlin', not found
file or directory 'C:\Users\indra\AndroidStudioProjects\pencatatankeungaan\app\src\debug\java', not found
file or directory 'C:\Users\indra\AndroidStudioProjects\pencatatankeungaan\app\src\debug\kotlin', not found
file or directory 'C:\Users\indra\AndroidStudioProjects\pencatatankeungaan\app\src\debug\java', not found
Caching disabled for task ':app:kaptGenerateStubsDebugKotlin' because:
  Build cache is disabled
Skipping task ':app:kaptGenerateStubsDebugKotlin' as it is up-to-date.
Resolve mutations for :app:kaptDebugKotlin (Thread[#1717,Execution worker Thread 2,5,main]) started.
:app:kaptDebugKotlin (Thread[#1717,Execution worker Thread 2,5,main]) started.

> Task :app:kaptDebugKotlin UP-TO-DATE
Caching disabled for task ':app:kaptDebugKotlin' because:
  Build cache is disabled
Skipping task ':app:kaptDebugKotlin' as it is up-to-date.
Resolve mutations for :app:compileDebugKotlin (Thread[#1718,Execution worker Thread 3,5,main]) started.
:app:compileDebugKotlin (Thread[#1718,Execution worker Thread 3,5,main]) started.

> Task :app:compileDebugKotlin
file or directory 'C:\Users\indra\AndroidStudioProjects\pencatatankeungaan\app\src\main\kotlin', not found
file or directory 'C:\Users\indra\AndroidStudioProjects\pencatatankeungaan\app\src\debug\java', not found
file or directory 'C:\Users\indra\AndroidStudioProjects\pencatatankeungaan\app\src\debug\kotlin', not found
file or directory 'C:\Users\indra\AndroidStudioProjects\pencatatankeungaan\app\src\debug\java', not found
file or directory 'C:\Users\indra\AndroidStudioProjects\pencatatankeungaan\app\src\main\kotlin', not found
file or directory 'C:\Users\indra\AndroidStudioProjects\pencatatankeungaan\app\src\debug\java', not found
file or directory 'C:\Users\indra\AndroidStudioProjects\pencatatankeungaan\app\src\debug\kotlin', not found
file or directory 'C:\Users\indra\AndroidStudioProjects\pencatatankeungaan\app\src\debug\java', not found
file or directory 'C:\Users\indra\AndroidStudioProjects\pencatatankeungaan\app\src\main\kotlin', not found
file or directory 'C:\Users\indra\AndroidStudioProjects\pencatatankeungaan\app\src\debug\java', not found
file or directory 'C:\Users\indra\AndroidStudioProjects\pencatatankeungaan\app\src\debug\kotlin', not found
file or directory 'C:\Users\indra\AndroidStudioProjects\pencatatankeungaan\app\src\debug\java', not found
Custom actions are attached to task ':app:compileDebugKotlin'.
Caching disabled for task ':app:compileDebugKotlin' because:
  Build cache is disabled
Task ':app:compileDebugKotlin' is not up-to-date because:
  Task has failed previously.
The input changes require a full rebuild for incremental task ':app:compileDebugKotlin'.
file or directory 'C:\Users\indra\AndroidStudioProjects\pencatatankeungaan\app\src\main\kotlin', not found
file or directory 'C:\Users\indra\AndroidStudioProjects\pencatatankeungaan\app\src\main\kotlin', not found
file or directory 'C:\Users\indra\AndroidStudioProjects\pencatatankeungaan\app\src\debug\java', not found
file or directory 'C:\Users\indra\AndroidStudioProjects\pencatatankeungaan\app\src\debug\java', not found
file or directory 'C:\Users\indra\AndroidStudioProjects\pencatatankeungaan\app\src\debug\kotlin', not found
file or directory 'C:\Users\indra\AndroidStudioProjects\pencatatankeungaan\app\src\debug\kotlin', not found
file or directory 'C:\Users\indra\AndroidStudioProjects\pencatatankeungaan\app\src\debug\java', not found
file or directory 'C:\Users\indra\AndroidStudioProjects\pencatatankeungaan\app\src\debug\java', not found
file or directory 'C:\Users\indra\AndroidStudioProjects\pencatatankeungaan\app\src\main\kotlin', not found
file or directory 'C:\Users\indra\AndroidStudioProjects\pencatatankeungaan\app\src\debug\java', not found
file or directory 'C:\Users\indra\AndroidStudioProjects\pencatatankeungaan\app\src\debug\kotlin', not found
file or directory 'C:\Users\indra\AndroidStudioProjects\pencatatankeungaan\app\src\debug\java', not found
file or directory 'C:\Users\indra\AndroidStudioProjects\pencatatankeungaan\app\src\main\kotlin', not found
file or directory 'C:\Users\indra\AndroidStudioProjects\pencatatankeungaan\app\src\main\kotlin', not found
file or directory 'C:\Users\indra\AndroidStudioProjects\pencatatankeungaan\app\src\debug\java', not found
file or directory 'C:\Users\indra\AndroidStudioProjects\pencatatankeungaan\app\src\debug\java', not found
file or directory 'C:\Users\indra\AndroidStudioProjects\pencatatankeungaan\app\src\debug\kotlin', not found
file or directory 'C:\Users\indra\AndroidStudioProjects\pencatatankeungaan\app\src\debug\kotlin', not found
file or directory 'C:\Users\indra\AndroidStudioProjects\pencatatankeungaan\app\src\debug\java', not found
file or directory 'C:\Users\indra\AndroidStudioProjects\pencatatankeungaan\app\src\debug\java', not found
file or directory 'C:\Users\indra\AndroidStudioProjects\pencatatankeungaan\app\src\main\kotlin', not found
file or directory 'C:\Users\indra\AndroidStudioProjects\pencatatankeungaan\app\src\main\kotlin', not found
file or directory 'C:\Users\indra\AndroidStudioProjects\pencatatankeungaan\app\src\debug\java', not found
file or directory 'C:\Users\indra\AndroidStudioProjects\pencatatankeungaan\app\src\debug\java', not found
file or directory 'C:\Users\indra\AndroidStudioProjects\pencatatankeungaan\app\src\debug\kotlin', not found
file or directory 'C:\Users\indra\AndroidStudioProjects\pencatatankeungaan\app\src\debug\kotlin', not found
file or directory 'C:\Users\indra\AndroidStudioProjects\pencatatankeungaan\app\src\debug\java', not found
file or directory 'C:\Users\indra\AndroidStudioProjects\pencatatankeungaan\app\src\debug\java', not found
file or directory 'C:\Users\indra\AndroidStudioProjects\pencatatankeungaan\app\src\main\kotlin', not found
file or directory 'C:\Users\indra\AndroidStudioProjects\pencatatankeungaan\app\src\main\kotlin', not found
file or directory 'C:\Users\indra\AndroidStudioProjects\pencatatankeungaan\app\src\debug\java', not found
file or directory 'C:\Users\indra\AndroidStudioProjects\pencatatankeungaan\app\src\debug\java', not found
file or directory 'C:\Users\indra\AndroidStudioProjects\pencatatankeungaan\app\src\debug\kotlin', not found
file or directory 'C:\Users\indra\AndroidStudioProjects\pencatatankeungaan\app\src\debug\kotlin', not found
file or directory 'C:\Users\indra\AndroidStudioProjects\pencatatankeungaan\app\src\debug\java', not found
file or directory 'C:\Users\indra\AndroidStudioProjects\pencatatankeungaan\app\src\debug\java', not found
Kotlin source files: C:\Users\indra\AndroidStudioProjects\pencatatankeungaan\app\src\main\java\com\example\pencatatankeungaan\BarChartView.kt, C:\Users\indra\AndroidStudioProjects\pencatatankeungaan\app\src\main\java\com\example\pencatatankeungaan\CashFlowChartView.kt, C:\Users\indra\AndroidStudioProjects\pencatatankeungaan\app\src\main\java\com\example\pencatatankeungaan\data\AppDatabase.kt, C:\Users\indra\AndroidStudioProjects\pencatatankeungaan\app\src\main\java\com\example\pencatatankeungaan\data\AppSettings.kt, C:\Users\indra\AndroidStudioProjects\pencatatankeungaan\app\src\main\java\com\example\pencatatankeungaan\data\DatabaseVacuumWorker.kt, C:\Users\indra\AndroidStudioProjects\pencatatankeungaan\app\src\main\java\com\example\pencatatankeungaan\data\KeyStoreHelper.kt, C:\Users\indra\AndroidStudioProjects\pencatatankeungaan\app\src\main\java\com\example\pencatatankeungaan\data\TransactionDao.kt, C:\Users\indra\AndroidStudioProjects\pencatatankeungaan\app\src\main\java\com\example\pencatatankeungaan\data\TransactionEntity.kt, C:\Users\indra\AndroidStudioProjects\pencatatankeungaan\app\src\main\java\com\example\pencatatankeungaan\data\TransactionRepository.kt, C:\Users\indra\AndroidStudioProjects\pencatatankeungaan\app\src\main\java\com\example\pencatatankeungaan\DonutChartView.kt, C:\Users\indra\AndroidStudioProjects\pencatatankeungaan\app\src\main\java\com\example\pencatatankeungaan\GroupedTransactionAdapter.kt, C:\Users\indra\AndroidStudioProjects\pencatatankeungaan\app\src\main\java\com\example\pencatatankeungaan\IndonesianNumberParser.kt, C:\Users\indra\AndroidStudioProjects\pencatatankeungaan\app\src\main\java\com\example\pencatatankeungaan\MainActivity.kt, C:\Users\indra\AndroidStudioProjects\pencatatankeungaan\app\src\main\java\com\example\pencatatankeungaan\PencatatanKeuanganApplication.kt, C:\Users\indra\AndroidStudioProjects\pencatatankeungaan\app\src\main\java\com\example\pencatatankeungaan\ReceiptParser.kt, C:\Users\indra\AndroidStudioProjects\pencatatankeungaan\app\src\main\java\com\example\pencatatankeungaan\Transaction.kt, C:\Users\indra\AndroidStudioProjects\pencatatankeungaan\app\src\main\java\com\example\pencatatankeungaan\TransactionAdapter.kt, C:\Users\indra\AndroidStudioProjects\pencatatankeungaan\app\src\main\java\com\example\pencatatankeungaan\VoiceInputManager.kt, C:\Users\indra\AndroidStudioProjects\pencatatankeungaan\app\src\main\java\com\example\pencatatankeungaan\VoiceTransactionClassifier.kt
Java source files: C:\Users\indra\AndroidStudioProjects\pencatatankeungaan\app\build\generated\source\kapt\debug\com\example\pencatatankeungaan\data\AppDatabase_Impl.java, C:\Users\indra\AndroidStudioProjects\pencatatankeungaan\app\build\generated\source\kapt\debug\com\example\pencatatankeungaan\data\TransactionDao_Impl.java
Script source files: 
Script file extensions: 
Using Kotlin/JVM incremental compilation
[KOTLIN] Kotlin compilation 'jdkHome' argument: C:\Program Files\Android\Android Studio\jbr
Options for KOTLIN DAEMON: IncrementalCompilationOptions(super=CompilationOptions(compilerMode=INCREMENTAL_COMPILER, targetPlatform=JVM, reportCategories=[0, 3], reportSeverity=2, requestedCompilationResults=[0], kotlinScriptExtensions=[]), sourceChanges=org.jetbrains.kotlin.buildtools.api.SourcesChanges$Unknown@38442cc, classpathChanges=NotAvailableForNonIncrementalRun, workingDir=C:\Users\indra\AndroidStudioProjects\pencatatankeungaan\app\build\kotlin\compileDebugKotlin\cacheable, multiModuleICSettings=MultiModuleICSettings(buildHistoryFile=C:\Users\indra\AndroidStudioProjects\pencatatankeungaan\app\build\kotlin\compileDebugKotlin\local-state\build-history.bin, useModuleDetection=true), icFeatures=IncrementalCompilationFeatures(usePreciseJavaTracking=true, withAbiSnapshot=false, preciseCompilationResultsBackup=true, keepIncrementalCompilationCachesInMemory=true, enableUnsafeIncrementalCompilationForMultiplatform=false, enableMonotonousIncrementalCompileSetExpansion=true), outputFiles=[C:\Users\indra\AndroidStudioProjects\pencatatankeungaan\app\build\intermediates\built_in_kotlinc\debug\compileDebugKotlin\classes, C:\Users\indra\AndroidStudioProjects\pencatatankeungaan\app\build\kotlin\compileDebugKotlin\cacheable, C:\Users\indra\AndroidStudioProjects\pencatatankeungaan\app\build\kotlin\compileDebugKotlin\local-state])
e: file:///C:/Users/indra/AndroidStudioProjects/pencatatankeungaan/app/src/main/java/com/example/pencatatankeungaan/data/AppDatabase.kt:7:12 Unresolved reference 'zetetic'.
e: file:///C:/Users/indra/AndroidStudioProjects/pencatatankeungaan/app/src/main/java/com/example/pencatatankeungaan/data/AppDatabase.kt:25:35 Unresolved reference 'SupportFactory'.
Finished executing kotlin compiler using DAEMON strategy

> Task :app:compileDebugKotlin FAILED
Build 6644ec17-6703-4303-bd51-d1fc99a9fa40 is closed

FAILURE: Build failed with an exception.

* What went wrong:
Execution failed for task ':app:compileDebugKotlin'.
> A failure occurred while executing org.jetbrains.kotlin.compilerRunner.GradleCompilerRunnerWithWorkers$GradleKotlinCompilerWorkAction
   > Compilation error. See log for more details

* Try:
> Run with --stacktrace option to get the stack trace.
> Run with --debug option to get more log output.
> Run with --scan to get full insights from a Build Scan (powered by Develocity).
> Get more help at https://help.gradle.org.

BUILD FAILED in 6s
8 actionable tasks: 1 executed, 7 up-to-date
Watched directory hierarchies: [C:\Users\indra\AndroidStudioProjects\pencatatankeungaan]
